2127 contacts to clean, 0 skipped (nothing would be left and the API cannot store an empty tag list)

sample of the change:
  Frank Matozzo
      before ['AI: Warm', 'Facebook', 'iphone import20221005-ecfc1', 'Sphere']
      after  ['AI: Warm', 'Facebook', 'Sphere']
  B
      before ['iphone import20221005-ecfc1', 'Not Contacted', 'Sphere']
      after  ['Not Contacted', 'Sphere']
  Ken Nind
      before ['iphone import20221005-ecfc1', 'Sphere', 'Unsubscribe SMS']
      after  ['Sphere', 'Unsubscribe SMS']
  Maureen
      before ['iphone import20221005-ecfc1', 'Not Contacted', 'Sphere']
      after  ['Not Contacted', 'Sphere']
  Jesse Mangiacasale
      before ['iphone import20221005-ecfc1', 'Not Contacted', 'Sphere']
      after  ['Not Contacted', 'Sphere']
  Mike Downing
      before ['iphone import20221005-ecfc1', 'Not Contacted', 'Sphere']
      after  ['Not Contacted', 'Sphere']
  Jessica Pearce
      before ['iphone import20221005-ecfc1', 'Not Contacted', 'Sphere']
      after  ['Not Contacted', 'Sphere']
  Alex
      before ['Haidar', 'iphone import20221005-ecfc1', 'Sphere']
      after  ['Haidar', 'Sphere']

applying to 2127 records...
  100/2127 (0 failed)
  200/2127 (0 failed)
  300/2127 (0 failed)
  400/2127 (0 failed)
  500/2127 (0 failed)
  600/2127 (0 failed)
  700/2127 (0 failed)
  800/2127 (0 failed)
  900/2127 (0 failed)
  1000/2127 (0 failed)
  1100/2127 (0 failed)
  1200/2127 (0 failed)
  1300/2127 (0 failed)
  1400/2127 (0 failed)
  1500/2127 (0 failed)
  1600/2127 (0 failed)
  1700/2127 (0 failed)
  1800/2127 (0 failed)
  1900/2127 (0 failed)
  2000/2127 (0 failed)
  2100/2127 (0 failed)

done: 2127 cleaned, 0 failed. Log: /mnt/freelancer-projects/40367525/reai/data/lofty_tag_cleanup.json
